Player HP-ja: Player DMG-je: Player AS-je: Player DMG növekedése: Player HP növekedése: Player AS szorzoja: Player Szintlépéshez szükséges xp mennyisége: Második egység HP-ja: Második egység DMG-je: Második egység AS-je: 
A Csata elkezdődött! Harcos és Sámán megtámadták egymást. életük: Harcos 137, Sámán 155
Harcos megtámadta Sámán, így Sámán élete - 140
Sámán megtámadta Harcos, így Harcos élete - 124
Harcos a(z)2. szintre lépett
Harcos megtámadta Sámán, így Sámán élete - 125
Sámán megtámadta Harcos, így Harcos élete - 126
Harcos megtámadta Sámán, így Sámán élete - 100
Sámán megtámadta Harcos, így Harcos élete - 113
Harcos a(z)3. szintre lépett
Harcos megtámadta Sámán, így Sámán élete - 75
Sámán megtámadta Harcos, így Harcos élete - 115
Harcos a(z)4. szintre lépett
Harcos megtámadta Sámán, így Sámán élete - 40
Sámán megtámadta Harcos, így Harcos élete - 117
Harcos a(z)5. szintre lépett
Harcos megtámadta Sámán, így Sámán élete - -5
Sámán megtámadta Harcos, így Harcos élete - 132

Harcos GYOZEDELMESKEDETT!
