Első egység HP-ja: Első egység DMG-je: Első egység AS-je: Második egység HP-ja: Második egység DMG-je: Második egység AS-je: 1.3
Nem érvényes értéket adott meg, adjon meg egy számot! 
