Player HP-ja: Player DMG-je: Player AS-je: Player DMG növekedése: Player HP növekedése: Player AS szorzoja: Player Szintlépéshez szükséges xp mennyisége: Második egység HP-ja: Második egység DMG-je: Második egység AS-je: 
A Csata elkezdődött! Harcos és Sámán megtámadták egymást. életük: Harcos 338, Sámán 321
Harcos a(z)2. szintre lépett
Harcos megtámadta Sámán, így Sámán élete - 285
Sámán megtámadta Harcos, így Harcos élete - 10307
Harcos megtámadta Sámán, így Sámán élete - 239
Sámán megtámadta Harcos, így Harcos élete - 10276
Harcos a(z)3. szintre lépett
Harcos megtámadta Sámán, így Sámán élete - 193
Sámán megtámadta Harcos, így Harcos élete - 20245
Harcos a(z)4. szintre lépett
Harcos megtámadta Sámán, így Sámán élete - 137
Sámán megtámadta Harcos, így Harcos élete - 30214
Harcos a(z)5. szintre lépett
Harcos megtámadta Sámán, így Sámán élete - 71
Sámán megtámadta Harcos, így Harcos élete - 40183
Harcos a(z)6. szintre lépett
Harcos megtámadta Sámán, így Sámán élete - -5

Harcos GYOZEDELMESKEDETT!
