Első egység HP-ja: a
Nem érvényes értéket adott meg, adjon meg egy számot! 
Első egység DMG-je: b
Nem érvényes értéket adott meg, adjon meg egy számot! 
Második egység HP-ja: c
Nem érvényes értéket adott meg, adjon meg egy számot! 
Második egység DMG-je: d
Nem érvényes értéket adott meg, adjon meg egy számot! 

A HP nem lehet 0!
