Első egység HP-ja: Első egység DMG-je: Második egység HP-ja: a
Nem érvényes értéket adott meg, adjon meg egy számot! 
